// Jest Snapshot v1, https://goo.gl/fbAQLP

exports[`BlankButton renders correctly 1`] = `
<button
  className="text-white bg-gray-900 px-12 py-2 text-xs mt-6"
>
  Button
</button>
`;
