// Jest Snapshot v1, https://goo.gl/fbAQLP

exports[`TWFlex renders correctly 1`] = `
<div
  className=" flex flex-row justify-between"
>
  <div>
    child1
  </div>
  <div>
    child2
  </div>
  <div>
    child3
  </div>
</div>
`;
