// Jest Snapshot v1, https://goo.gl/fbAQLP

exports[`TWFooter renders correctly 1`] = `
<div
  className=" p-3 bg-gray-900 text-white text-xs leading-10"
>
  <div
    className="sm:px-24 flex flex-row justify-between"
  >
    <div>
      child1
    </div>
    <div>
      child2
    </div>
    <div>
      child3
    </div>
  </div>
</div>
`;
