// Jest Snapshot v1, https://goo.gl/fbAQLP

exports[`BlankFooter renders correctly 1`] = `
<div
  className=" p-6 bg-gray-900 text-white text-xs leading-10"
>
  <div
    className="px-24 flex flex-row justify-between"
  >
    <div
      className="space-x-4 flex flex-row justify-start"
    >
      <a
        href="https://discord.gg/HZM2jcHdEU"
        props={
          Object {
            "children": "Example Link",
            "href": "https://www.example.com",
            "social": Array [
              Object {
                "href": "https://discord.gg/HZM2jcHdEU",
                "name": "Discord",
              },
              Object {
                "href": "https://twitter.com/blankfdn",
                "name": "Twitter",
              },
              Object {
                "href": "https://medium.com/@blankfdn",
                "name": "Medium",
              },
            ],
            "title": "Blank.Foundation",
          }
        }
        rel="noopener noreferrer"
        target="_blank"
      >
        Discord
      </a>
      <a
        href="https://twitter.com/blankfdn"
        props={
          Object {
            "children": "Example Link",
            "href": "https://www.example.com",
            "social": Array [
              Object {
                "href": "https://discord.gg/HZM2jcHdEU",
                "name": "Discord",
              },
              Object {
                "href": "https://twitter.com/blankfdn",
                "name": "Twitter",
              },
              Object {
                "href": "https://medium.com/@blankfdn",
                "name": "Medium",
              },
            ],
            "title": "Blank.Foundation",
          }
        }
        rel="noopener noreferrer"
        target="_blank"
      >
        Twitter
      </a>
      <a
        href="https://medium.com/@blankfdn"
        props={
          Object {
            "children": "Example Link",
            "href": "https://www.example.com",
            "social": Array [
              Object {
                "href": "https://discord.gg/HZM2jcHdEU",
                "name": "Discord",
              },
              Object {
                "href": "https://twitter.com/blankfdn",
                "name": "Twitter",
              },
              Object {
                "href": "https://medium.com/@blankfdn",
                "name": "Medium",
              },
            ],
            "title": "Blank.Foundation",
          }
        }
        rel="noopener noreferrer"
        target="_blank"
      >
        Medium
      </a>
    </div>
  </div>
</div>
`;
